[INFO] Scanning for projects...
[INFO] 
[INFO] ---------------------< com.liftkart:liftkart-cart >---------------------
[INFO] Building LiftKart Cart Service 1.0.0
[INFO]   from pom.xml
[INFO] --------------------------------[ jar ]---------------------------------
[INFO] 
[INFO] --- clean:3.4.1:clean (default-clean) @ liftkart-cart ---
[INFO] Deleting /Users/saifahamed/Documents/M.Tech SE/Source-Code/liftkart/services/cart-service/target
[INFO] 
[INFO] >>> spring-boot:3.5.14:run (default-cli) > test-compile @ liftkart-cart >>>
[INFO] 
[INFO] --- resources:3.3.1:resources (default-resources) @ liftkart-cart ---
[INFO] Copying 1 resource from src/main/resources to target/classes
[INFO] Copying 1 resource from src/main/resources to target/classes
[INFO] 
[INFO] --- compiler:3.14.1:compile (default-compile) @ liftkart-cart ---
[INFO] Recompiling the module because of changed source code.
[INFO] Compiling 18 source files with javac [debug parameters release 22] to target/classes
[INFO] -------------------------------------------------------------
[WARNING] COMPILATION WARNING : 
[INFO] -------------------------------------------------------------
[WARNING] /Users/saifahamed/Documents/M.Tech SE/Source-Code/liftkart/services/cart-service/src/main/java/com/liftkart/cart/entity/Cart.java:[28,27] @Builder will ignore the initializing expression entirely. If you want the initializing expression to serve as default, add @Builder.Default. If it is not supposed to be settable during building, make the field final.
[INFO] 1 warning
[INFO] -------------------------------------------------------------
[INFO] -------------------------------------------------------------
[ERROR] COMPILATION ERROR : 
[INFO] -------------------------------------------------------------
[ERROR] /Users/saifahamed/Documents/M.Tech SE/Source-Code/liftkart/services/cart-service/src/main/java/com/liftkart/cart/service/CartService.java:[40,50] cannot find symbol
  symbol:   class AddCartItemRequest
  location: class com.liftkart.cart.service.CartService
[INFO] 1 error
[INFO] -------------------------------------------------------------
[INFO] ------------------------------------------------------------------------
[INFO] BUILD FAILURE
[INFO] ------------------------------------------------------------------------
[INFO] Total time:  1.650 s
[INFO] Finished at: 2026-05-10T13:46:37+05:30
[INFO] ------------------------------------------------------------------------
[ERROR] Failed to execute goal org.apache.maven.plugins:maven-compiler-plugin:3.14.1:compile (default-compile) on project liftkart-cart: Compilation failure
[ERROR] /Users/saifahamed/Documents/M.Tech SE/Source-Code/liftkart/services/cart-service/src/main/java/com/liftkart/cart/service/CartService.java:[40,50] cannot find symbol
[ERROR]   symbol:   class AddCartItemRequest
[ERROR]   location: class com.liftkart.cart.service.CartService
[ERROR] 
[ERROR] -> [Help 1]
[ERROR] 
[ERROR] To see the full stack trace of the errors, re-run Maven with the -e switch.
[ERROR] Re-run Maven using the -X switch to enable full debug logging.
[ERROR] 
[ERROR] For more information about the errors and possible solutions, please read the following articles:
[ERROR] [Help 1] http://cwiki.apache.org/confluence/display/MAVEN/MojoFailureException
[INFO] Scanning for projects...
[INFO] 
[INFO] ---------------------< com.liftkart:liftkart-cart >---------------------
[INFO] Building LiftKart Cart Service 1.0.0
[INFO]   from pom.xml
[INFO] --------------------------------[ jar ]---------------------------------
[INFO] 
[INFO] --- clean:3.4.1:clean (default-clean) @ liftkart-cart ---
[INFO] Deleting /Users/saifahamed/Documents/M.Tech SE/Source-Code/liftkart/services/cart-service/target
[INFO] 
[INFO] >>> spring-boot:3.5.14:run (default-cli) > test-compile @ liftkart-cart >>>
[INFO] 
[INFO] --- resources:3.3.1:resources (default-resources) @ liftkart-cart ---
[INFO] Copying 1 resource from src/main/resources to target/classes
[INFO] Copying 1 resource from src/main/resources to target/classes
[INFO] 
[INFO] --- compiler:3.14.1:compile (default-compile) @ liftkart-cart ---
[INFO] Recompiling the module because of changed source code.
[INFO] Compiling 18 source files with javac [debug parameters release 22] to target/classes
[INFO] -------------------------------------------------------------
[WARNING] COMPILATION WARNING : 
[INFO] -------------------------------------------------------------
[WARNING] /Users/saifahamed/Documents/M.Tech SE/Source-Code/liftkart/services/cart-service/src/main/java/com/liftkart/cart/entity/Cart.java:[28,27] @Builder will ignore the initializing expression entirely. If you want the initializing expression to serve as default, add @Builder.Default. If it is not supposed to be settable during building, make the field final.
[INFO] 1 warning
[INFO] -------------------------------------------------------------
[INFO] -------------------------------------------------------------
[ERROR] COMPILATION ERROR : 
[INFO] -------------------------------------------------------------
[ERROR] /Users/saifahamed/Documents/M.Tech SE/Source-Code/liftkart/services/cart-service/src/main/java/com/liftkart/cart/service/CartService.java:[40,50] cannot find symbol
  symbol:   class AddCartItemRequest
  location: class com.liftkart.cart.service.CartService
[INFO] 1 error
[INFO] -------------------------------------------------------------
[INFO] ------------------------------------------------------------------------
[INFO] BUILD FAILURE
[INFO] ------------------------------------------------------------------------
[INFO] Total time:  1.633 s
[INFO] Finished at: 2026-05-10T14:30:59+05:30
[INFO] ------------------------------------------------------------------------
[ERROR] Failed to execute goal org.apache.maven.plugins:maven-compiler-plugin:3.14.1:compile (default-compile) on project liftkart-cart: Compilation failure
[ERROR] /Users/saifahamed/Documents/M.Tech SE/Source-Code/liftkart/services/cart-service/src/main/java/com/liftkart/cart/service/CartService.java:[40,50] cannot find symbol
[ERROR]   symbol:   class AddCartItemRequest
[ERROR]   location: class com.liftkart.cart.service.CartService
[ERROR] 
[ERROR] -> [Help 1]
[ERROR] 
[ERROR] To see the full stack trace of the errors, re-run Maven with the -e switch.
[ERROR] Re-run Maven using the -X switch to enable full debug logging.
[ERROR] 
[ERROR] For more information about the errors and possible solutions, please read the following articles:
[ERROR] [Help 1] http://cwiki.apache.org/confluence/display/MAVEN/MojoFailureException
[INFO] Scanning for projects...
[INFO] 
[INFO] ---------------------< com.liftkart:liftkart-cart >---------------------
[INFO] Building LiftKart Cart Service 1.0.0
[INFO]   from pom.xml
[INFO] --------------------------------[ jar ]---------------------------------
[INFO] 
[INFO] --- clean:3.4.1:clean (default-clean) @ liftkart-cart ---
[INFO] Deleting /Users/saifahamed/Documents/M.Tech SE/Source-Code/liftkart/services/cart-service/target
[INFO] 
[INFO] >>> spring-boot:3.5.14:run (default-cli) > test-compile @ liftkart-cart >>>
[INFO] 
[INFO] --- resources:3.3.1:resources (default-resources) @ liftkart-cart ---
[INFO] Copying 1 resource from src/main/resources to target/classes
[INFO] Copying 1 resource from src/main/resources to target/classes
[INFO] 
[INFO] --- compiler:3.14.1:compile (default-compile) @ liftkart-cart ---
[INFO] Recompiling the module because of changed source code.
[INFO] Compiling 18 source files with javac [debug parameters release 22] to target/classes
[INFO] -------------------------------------------------------------
[WARNING] COMPILATION WARNING : 
[INFO] -------------------------------------------------------------
[WARNING] /Users/saifahamed/Documents/M.Tech SE/Source-Code/liftkart/services/cart-service/src/main/java/com/liftkart/cart/entity/Cart.java:[28,27] @Builder will ignore the initializing expression entirely. If you want the initializing expression to serve as default, add @Builder.Default. If it is not supposed to be settable during building, make the field final.
[INFO] 1 warning
[INFO] -------------------------------------------------------------
[INFO] -------------------------------------------------------------
[ERROR] COMPILATION ERROR : 
[INFO] -------------------------------------------------------------
[ERROR] /Users/saifahamed/Documents/M.Tech SE/Source-Code/liftkart/services/cart-service/src/main/java/com/liftkart/cart/service/CartService.java:[40,50] cannot find symbol
  symbol:   class AddCartItemRequest
  location: class com.liftkart.cart.service.CartService
[INFO] 1 error
[INFO] -------------------------------------------------------------
[INFO] ------------------------------------------------------------------------
[INFO] BUILD FAILURE
[INFO] ------------------------------------------------------------------------
[INFO] Total time:  1.692 s
[INFO] Finished at: 2026-05-10T14:33:45+05:30
[INFO] ------------------------------------------------------------------------
[ERROR] Failed to execute goal org.apache.maven.plugins:maven-compiler-plugin:3.14.1:compile (default-compile) on project liftkart-cart: Compilation failure
[ERROR] /Users/saifahamed/Documents/M.Tech SE/Source-Code/liftkart/services/cart-service/src/main/java/com/liftkart/cart/service/CartService.java:[40,50] cannot find symbol
[ERROR]   symbol:   class AddCartItemRequest
[ERROR]   location: class com.liftkart.cart.service.CartService
[ERROR] 
[ERROR] -> [Help 1]
[ERROR] 
[ERROR] To see the full stack trace of the errors, re-run Maven with the -e switch.
[ERROR] Re-run Maven using the -X switch to enable full debug logging.
[ERROR] 
[ERROR] For more information about the errors and possible solutions, please read the following articles:
[ERROR] [Help 1] http://cwiki.apache.org/confluence/display/MAVEN/MojoFailureException
[INFO] Scanning for projects...
[INFO] 
[INFO] ---------------------< com.liftkart:liftkart-cart >---------------------
[INFO] Building LiftKart Cart Service 1.0.0
[INFO]   from pom.xml
[INFO] --------------------------------[ jar ]---------------------------------
[INFO] 
[INFO] --- clean:3.4.1:clean (default-clean) @ liftkart-cart ---
[INFO] Deleting /Users/saifahamed/Documents/M.Tech SE/Source-Code/liftkart/services/cart-service/target
[INFO] 
[INFO] >>> spring-boot:3.5.14:run (default-cli) > test-compile @ liftkart-cart >>>
[INFO] 
[INFO] --- resources:3.3.1:resources (default-resources) @ liftkart-cart ---
[INFO] Copying 1 resource from src/main/resources to target/classes
[INFO] Copying 1 resource from src/main/resources to target/classes
[INFO] 
[INFO] --- compiler:3.14.1:compile (default-compile) @ liftkart-cart ---
[INFO] Recompiling the module because of changed source code.
[INFO] Compiling 18 source files with javac [debug parameters release 22] to target/classes
[INFO] -------------------------------------------------------------
[WARNING] COMPILATION WARNING : 
[INFO] -------------------------------------------------------------
[WARNING] /Users/saifahamed/Documents/M.Tech SE/Source-Code/liftkart/services/cart-service/src/main/java/com/liftkart/cart/entity/Cart.java:[28,27] @Builder will ignore the initializing expression entirely. If you want the initializing expression to serve as default, add @Builder.Default. If it is not supposed to be settable during building, make the field final.
[INFO] 1 warning
[INFO] -------------------------------------------------------------
[INFO] -------------------------------------------------------------
[ERROR] COMPILATION ERROR : 
[INFO] -------------------------------------------------------------
[ERROR] /Users/saifahamed/Documents/M.Tech SE/Source-Code/liftkart/services/cart-service/src/main/java/com/liftkart/cart/service/CartService.java:[40,50] cannot find symbol
  symbol:   class AddCartItemRequest
  location: class com.liftkart.cart.service.CartService
[INFO] 1 error
[INFO] -------------------------------------------------------------
[INFO] ------------------------------------------------------------------------
[INFO] BUILD FAILURE
[INFO] ------------------------------------------------------------------------
[INFO] Total time:  1.578 s
[INFO] Finished at: 2026-05-10T14:38:24+05:30
[INFO] ------------------------------------------------------------------------
[ERROR] Failed to execute goal org.apache.maven.plugins:maven-compiler-plugin:3.14.1:compile (default-compile) on project liftkart-cart: Compilation failure
[ERROR] /Users/saifahamed/Documents/M.Tech SE/Source-Code/liftkart/services/cart-service/src/main/java/com/liftkart/cart/service/CartService.java:[40,50] cannot find symbol
[ERROR]   symbol:   class AddCartItemRequest
[ERROR]   location: class com.liftkart.cart.service.CartService
[ERROR] 
[ERROR] -> [Help 1]
[ERROR] 
[ERROR] To see the full stack trace of the errors, re-run Maven with the -e switch.
[ERROR] Re-run Maven using the -X switch to enable full debug logging.
[ERROR] 
[ERROR] For more information about the errors and possible solutions, please read the following articles:
[ERROR] [Help 1] http://cwiki.apache.org/confluence/display/MAVEN/MojoFailureException
[INFO] Scanning for projects...
[INFO] 
[INFO] ---------------------< com.liftkart:liftkart-cart >---------------------
[INFO] Building LiftKart Cart Service 1.0.0
[INFO]   from pom.xml
[INFO] --------------------------------[ jar ]---------------------------------
[INFO] 
[INFO] --- clean:3.4.1:clean (default-clean) @ liftkart-cart ---
[INFO] Deleting /Users/saifahamed/Documents/M.Tech SE/Source-Code/liftkart/services/cart-service/target
[INFO] 
[INFO] >>> spring-boot:3.5.14:run (default-cli) > test-compile @ liftkart-cart >>>
[INFO] 
[INFO] --- resources:3.3.1:resources (default-resources) @ liftkart-cart ---
[INFO] Copying 1 resource from src/main/resources to target/classes
[INFO] Copying 1 resource from src/main/resources to target/classes
[INFO] 
[INFO] --- compiler:3.14.1:compile (default-compile) @ liftkart-cart ---
[INFO] Recompiling the module because of changed source code.
[INFO] Compiling 18 source files with javac [debug parameters release 22] to target/classes
[INFO] -------------------------------------------------------------
[WARNING] COMPILATION WARNING : 
[INFO] -------------------------------------------------------------
[WARNING] /Users/saifahamed/Documents/M.Tech SE/Source-Code/liftkart/services/cart-service/src/main/java/com/liftkart/cart/entity/Cart.java:[28,27] @Builder will ignore the initializing expression entirely. If you want the initializing expression to serve as default, add @Builder.Default. If it is not supposed to be settable during building, make the field final.
[INFO] 1 warning
[INFO] -------------------------------------------------------------
[INFO] -------------------------------------------------------------
[ERROR] COMPILATION ERROR : 
[INFO] -------------------------------------------------------------
[ERROR] /Users/saifahamed/Documents/M.Tech SE/Source-Code/liftkart/services/cart-service/src/main/java/com/liftkart/cart/service/CartService.java:[40,50] cannot find symbol
  symbol:   class AddCartItemRequest
  location: class com.liftkart.cart.service.CartService
[INFO] 1 error
[INFO] -------------------------------------------------------------
[INFO] ------------------------------------------------------------------------
[INFO] BUILD FAILURE
[INFO] ------------------------------------------------------------------------
[INFO] Total time:  1.529 s
[INFO] Finished at: 2026-05-10T14:41:55+05:30
[INFO] ------------------------------------------------------------------------
[ERROR] Failed to execute goal org.apache.maven.plugins:maven-compiler-plugin:3.14.1:compile (default-compile) on project liftkart-cart: Compilation failure
[ERROR] /Users/saifahamed/Documents/M.Tech SE/Source-Code/liftkart/services/cart-service/src/main/java/com/liftkart/cart/service/CartService.java:[40,50] cannot find symbol
[ERROR]   symbol:   class AddCartItemRequest
[ERROR]   location: class com.liftkart.cart.service.CartService
[ERROR] 
[ERROR] -> [Help 1]
[ERROR] 
[ERROR] To see the full stack trace of the errors, re-run Maven with the -e switch.
[ERROR] Re-run Maven using the -X switch to enable full debug logging.
[ERROR] 
[ERROR] For more information about the errors and possible solutions, please read the following articles:
[ERROR] [Help 1] http://cwiki.apache.org/confluence/display/MAVEN/MojoFailureException
[INFO] Scanning for projects...
[INFO] 
[INFO] ---------------------< com.liftkart:liftkart-cart >---------------------
[INFO] Building LiftKart Cart Service 1.0.0
[INFO]   from pom.xml
[INFO] --------------------------------[ jar ]---------------------------------
[INFO] 
[INFO] --- clean:3.4.1:clean (default-clean) @ liftkart-cart ---
[INFO] Deleting /Users/saifahamed/Documents/M.Tech SE/Source-Code/liftkart/services/cart-service/target
[INFO] 
[INFO] >>> spring-boot:3.5.14:run (default-cli) > test-compile @ liftkart-cart >>>
[INFO] 
[INFO] --- resources:3.3.1:resources (default-resources) @ liftkart-cart ---
[INFO] Copying 1 resource from src/main/resources to target/classes
[INFO] Copying 1 resource from src/main/resources to target/classes
[INFO] 
[INFO] --- compiler:3.14.1:compile (default-compile) @ liftkart-cart ---
[INFO] Recompiling the module because of changed source code.
[INFO] Compiling 18 source files with javac [debug parameters release 22] to target/classes
[WARNING] /Users/saifahamed/Documents/M.Tech SE/Source-Code/liftkart/services/cart-service/src/main/java/com/liftkart/cart/entity/Cart.java:[28,27] @Builder will ignore the initializing expression entirely. If you want the initializing expression to serve as default, add @Builder.Default. If it is not supposed to be settable during building, make the field final.
[INFO] 
[INFO] --- resources:3.3.1:testResources (default-testResources) @ liftkart-cart ---
[INFO] skip non existing resourceDirectory /Users/saifahamed/Documents/M.Tech SE/Source-Code/liftkart/services/cart-service/src/test/resources
[INFO] 
[INFO] --- compiler:3.14.1:testCompile (default-testCompile) @ liftkart-cart ---
[INFO] Recompiling the module because of changed dependency.
[INFO] Compiling 1 source file with javac [debug parameters release 22] to target/test-classes
[INFO] 
[INFO] <<< spring-boot:3.5.14:run (default-cli) < test-compile @ liftkart-cart <<<
[INFO] 
[INFO] 
[INFO] --- spring-boot:3.5.14:run (default-cli) @ liftkart-cart ---
[INFO] Attaching agents: []

  .   ____          _            __ _ _
 /\\ / ___'_ __ _ _(_)_ __  __ _ \ \ \ \
( ( )\___ | '_ | '_| | '_ \/ _` | \ \ \ \
 \\/  ___)| |_)| | | | | || (_| |  ) ) ) )
  '  |____| .__|_| |_|_| |_\__, | / / / /
 =========|_|==============|___/=/_/_/_/

 :: Spring Boot ::               (v3.5.14)

2026-05-10T14:52:07.512+05:30  INFO 27026 --- [cart-service] [  restartedMain] c.liftkart.cart.CartServiceApplication   : Starting CartServiceApplication using Java 22.0.1 with PID 27026 (/Users/saifahamed/Documents/M.Tech SE/Source-Code/liftkart/services/cart-service/target/classes started by saifahamed in /Users/saifahamed/Documents/M.Tech SE/Source-Code/liftkart/services/cart-service)
2026-05-10T14:52:07.513+05:30 DEBUG 27026 --- [cart-service] [  restartedMain] c.liftkart.cart.CartServiceApplication   : Running with Spring Boot v3.5.14, Spring v6.2.18
2026-05-10T14:52:07.513+05:30  INFO 27026 --- [cart-service] [  restartedMain] c.liftkart.cart.CartServiceApplication   : No active profile set, falling back to 1 default profile: "default"
2026-05-10T14:52:07.534+05:30  INFO 27026 --- [cart-service] [  restartedMain] .e.DevToolsPropertyDefaultsPostProcessor : Devtools property defaults active! Set 'spring.devtools.add-properties' to 'false' to disable
2026-05-10T14:52:07.534+05:30  INFO 27026 --- [cart-service] [  restartedMain] .e.DevToolsPropertyDefaultsPostProcessor : For additional web related logging consider setting the 'logging.level.web' property to 'DEBUG'
2026-05-10T14:52:07.954+05:30  INFO 27026 --- [cart-service] [  restartedMain] .s.d.r.c.RepositoryConfigurationDelegate : Bootstrapping Spring Data JPA repositories in DEFAULT mode.
2026-05-10T14:52:07.977+05:30  INFO 27026 --- [cart-service] [  restartedMain] .s.d.r.c.RepositoryConfigurationDelegate : Finished Spring Data repository scanning in 18 ms. Found 2 JPA repository interfaces.
2026-05-10T14:52:08.279+05:30  INFO 27026 --- [cart-service] [  restartedMain] o.s.b.w.embedded.tomcat.TomcatWebServer  : Tomcat initialized with port 8083 (http)
2026-05-10T14:52:08.286+05:30  INFO 27026 --- [cart-service] [  restartedMain] o.apache.catalina.core.StandardService   : Starting service [Tomcat]
2026-05-10T14:52:08.286+05:30  INFO 27026 --- [cart-service] [  restartedMain] o.apache.catalina.core.StandardEngine    : Starting Servlet engine: [Apache Tomcat/10.1.54]
2026-05-10T14:52:08.305+05:30  INFO 27026 --- [cart-service] [  restartedMain] o.a.c.c.C.[Tomcat].[localhost].[/]       : Initializing Spring embedded WebApplicationContext
2026-05-10T14:52:08.306+05:30  INFO 27026 --- [cart-service] [  restartedMain] w.s.c.ServletWebServerApplicationContext : Root WebApplicationContext: initialization completed in 772 ms
2026-05-10T14:52:08.439+05:30  INFO 27026 --- [cart-service] [  restartedMain] com.zaxxer.hikari.HikariDataSource       : HikariPool-1 - Starting...
2026-05-10T14:52:08.563+05:30  INFO 27026 --- [cart-service] [  restartedMain] com.zaxxer.hikari.pool.HikariPool        : HikariPool-1 - Added connection org.postgresql.jdbc.PgConnection@4feb9666
2026-05-10T14:52:08.564+05:30  INFO 27026 --- [cart-service] [  restartedMain] com.zaxxer.hikari.HikariDataSource       : HikariPool-1 - Start completed.
2026-05-10T14:52:08.590+05:30  INFO 27026 --- [cart-service] [  restartedMain] org.flywaydb.core.FlywayExecutor         : Database: jdbc:postgresql://localhost:5432/liftkart_cart_db (PostgreSQL 16.13)
2026-05-10T14:52:08.660+05:30  INFO 27026 --- [cart-service] [  restartedMain] o.f.core.internal.command.DbValidate     : Successfully validated 1 migration (execution time 00:00.024s)
2026-05-10T14:52:08.692+05:30  INFO 27026 --- [cart-service] [  restartedMain] o.f.core.internal.command.DbMigrate      : Current version of schema "public": 1
2026-05-10T14:52:08.694+05:30  INFO 27026 --- [cart-service] [  restartedMain] o.f.core.internal.command.DbMigrate      : Schema "public" is up to date. No migration necessary.
2026-05-10T14:52:08.738+05:30  INFO 27026 --- [cart-service] [  restartedMain] o.hibernate.jpa.internal.util.LogHelper  : HHH000204: Processing PersistenceUnitInfo [name: default]
2026-05-10T14:52:08.768+05:30  INFO 27026 --- [cart-service] [  restartedMain] org.hibernate.Version                    : HHH000412: Hibernate ORM core version 6.6.49.Final
2026-05-10T14:52:08.783+05:30  INFO 27026 --- [cart-service] [  restartedMain] o.h.c.internal.RegionFactoryInitiator    : HHH000026: Second-level cache disabled
2026-05-10T14:52:08.906+05:30  INFO 27026 --- [cart-service] [  restartedMain] o.s.o.j.p.SpringPersistenceUnitInfo      : No LoadTimeWeaver setup: ignoring JPA class transformer
2026-05-10T14:52:08.947+05:30  WARN 27026 --- [cart-service] [  restartedMain] org.hibernate.orm.deprecation            : HHH90000025: PostgreSQLDialect does not need to be specified explicitly using 'hibernate.dialect' (remove the property setting and it will be selected by default)
2026-05-10T14:52:08.954+05:30  INFO 27026 --- [cart-service] [  restartedMain] org.hibernate.orm.connections.pooling    : HHH10001005: Database info:
	Database JDBC URL [Connecting through datasource 'HikariDataSource (HikariPool-1)']
	Database driver: undefined/unknown
	Database version: 16.13
	Autocommit mode: undefined/unknown
	Isolation level: undefined/unknown
	Minimum pool size: undefined/unknown
	Maximum pool size: undefined/unknown
2026-05-10T14:52:09.372+05:30  INFO 27026 --- [cart-service] [  restartedMain] o.h.e.t.j.p.i.JtaPlatformInitiator       : HHH000489: No JTA platform available (set 'hibernate.transaction.jta.platform' to enable JTA platform integration)
2026-05-10T14:52:09.421+05:30  INFO 27026 --- [cart-service] [  restartedMain] j.LocalContainerEntityManagerFactoryBean : Initialized JPA EntityManagerFactory for persistence unit 'default'
2026-05-10T14:52:09.729+05:30  WARN 27026 --- [cart-service] [  restartedMain] JpaBaseConfiguration$JpaWebConfiguration : spring.jpa.open-in-view is enabled by default. Therefore, database queries may be performed during view rendering. Explicitly configure spring.jpa.open-in-view to disable this warning
2026-05-10T14:52:09.824+05:30  WARN 27026 --- [cart-service] [  restartedMain] .s.s.UserDetailsServiceAutoConfiguration : 

Using generated security password: ef9c56c1-2197-436f-a8a5-f332616a50b4

This generated password is for development use only. Your security configuration must be updated before running your application in production.

2026-05-10T14:52:09.827+05:30  INFO 27026 --- [cart-service] [  restartedMain] r$InitializeUserDetailsManagerConfigurer : Global AuthenticationManager configured with UserDetailsService bean with name inMemoryUserDetailsManager
2026-05-10T14:52:09.999+05:30  WARN 27026 --- [cart-service] [  restartedMain] o.s.b.d.a.OptionalLiveReloadServer       : Unable to start LiveReload server
2026-05-10T14:52:10.019+05:30  INFO 27026 --- [cart-service] [  restartedMain] o.s.b.w.embedded.tomcat.TomcatWebServer  : Tomcat started on port 8083 (http) with context path '/'
2026-05-10T14:52:10.025+05:30  INFO 27026 --- [cart-service] [  restartedMain] c.liftkart.cart.CartServiceApplication   : Started CartServiceApplication in 2.743 seconds (process running for 2.937)
2026-05-10T14:53:25.937+05:30  INFO 27026 --- [cart-service] [ionShutdownHook] o.s.b.w.e.tomcat.GracefulShutdown        : Commencing graceful shutdown. Waiting for active requests to complete
2026-05-10T14:53:25.950+05:30  INFO 27026 --- [cart-service] [tomcat-shutdown] o.s.b.w.e.tomcat.GracefulShutdown        : Graceful shutdown complete
2026-05-10T14:53:25.976+05:30  INFO 27026 --- [cart-service] [ionShutdownHook] j.LocalContainerEntityManagerFactoryBean : Closing JPA EntityManagerFactory for persistence unit 'default'
2026-05-10T14:53:25.986+05:30  INFO 27026 --- [cart-service] [ionShutdownHook] com.zaxxer.hikari.HikariDataSource       : HikariPool-1 - Shutdown initiated...
2026-05-10T14:53:25.988+05:30  INFO 27026 --- [cart-service] [ionShutdownHook] com.zaxxer.hikari.HikariDataSource       : HikariPool-1 - Shutdown completed.
[INFO] Scanning for projects...
[INFO] 
[INFO] ---------------------< com.liftkart:liftkart-cart >---------------------
[INFO] Building LiftKart Cart Service 1.0.0
[INFO]   from pom.xml
[INFO] --------------------------------[ jar ]---------------------------------
[INFO] 
[INFO] --- clean:3.4.1:clean (default-clean) @ liftkart-cart ---
[INFO] Deleting /Users/saifahamed/Documents/M.Tech SE/Source-Code/liftkart/services/cart-service/target
[INFO] 
[INFO] >>> spring-boot:3.5.14:run (default-cli) > test-compile @ liftkart-cart >>>
[INFO] 
[INFO] --- resources:3.3.1:resources (default-resources) @ liftkart-cart ---
[INFO] Copying 1 resource from src/main/resources to target/classes
[INFO] Copying 1 resource from src/main/resources to target/classes
[INFO] 
[INFO] --- compiler:3.14.1:compile (default-compile) @ liftkart-cart ---
[INFO] Recompiling the module because of changed source code.
[INFO] Compiling 18 source files with javac [debug parameters release 22] to target/classes
[WARNING] /Users/saifahamed/Documents/M.Tech SE/Source-Code/liftkart/services/cart-service/src/main/java/com/liftkart/cart/entity/Cart.java:[28,27] @Builder will ignore the initializing expression entirely. If you want the initializing expression to serve as default, add @Builder.Default. If it is not supposed to be settable during building, make the field final.
[INFO] 
[INFO] --- resources:3.3.1:testResources (default-testResources) @ liftkart-cart ---
[INFO] skip non existing resourceDirectory /Users/saifahamed/Documents/M.Tech SE/Source-Code/liftkart/services/cart-service/src/test/resources
[INFO] 
[INFO] --- compiler:3.14.1:testCompile (default-testCompile) @ liftkart-cart ---
[INFO] Recompiling the module because of changed dependency.
[INFO] Compiling 1 source file with javac [debug parameters release 22] to target/test-classes
[INFO] 
[INFO] <<< spring-boot:3.5.14:run (default-cli) < test-compile @ liftkart-cart <<<
[INFO] 
[INFO] 
[INFO] --- spring-boot:3.5.14:run (default-cli) @ liftkart-cart ---
[INFO] Attaching agents: []

  .   ____          _            __ _ _
 /\\ / ___'_ __ _ _(_)_ __  __ _ \ \ \ \
( ( )\___ | '_ | '_| | '_ \/ _` | \ \ \ \
 \\/  ___)| |_)| | | | | || (_| |  ) ) ) )
  '  |____| .__|_| |_|_| |_\__, | / / / /
 =========|_|==============|___/=/_/_/_/

 :: Spring Boot ::               (v3.5.14)

2026-05-10T14:53:39.412+05:30  INFO 27749 --- [cart-service] [  restartedMain] c.liftkart.cart.CartServiceApplication   : Starting CartServiceApplication using Java 22.0.1 with PID 27749 (/Users/saifahamed/Documents/M.Tech SE/Source-Code/liftkart/services/cart-service/target/classes started by saifahamed in /Users/saifahamed/Documents/M.Tech SE/Source-Code/liftkart/services/cart-service)
2026-05-10T14:53:39.413+05:30 DEBUG 27749 --- [cart-service] [  restartedMain] c.liftkart.cart.CartServiceApplication   : Running with Spring Boot v3.5.14, Spring v6.2.18
2026-05-10T14:53:39.413+05:30  INFO 27749 --- [cart-service] [  restartedMain] c.liftkart.cart.CartServiceApplication   : No active profile set, falling back to 1 default profile: "default"
2026-05-10T14:53:39.433+05:30  INFO 27749 --- [cart-service] [  restartedMain] .e.DevToolsPropertyDefaultsPostProcessor : Devtools property defaults active! Set 'spring.devtools.add-properties' to 'false' to disable
2026-05-10T14:53:39.433+05:30  INFO 27749 --- [cart-service] [  restartedMain] .e.DevToolsPropertyDefaultsPostProcessor : For additional web related logging consider setting the 'logging.level.web' property to 'DEBUG'
2026-05-10T14:53:39.860+05:30  INFO 27749 --- [cart-service] [  restartedMain] .s.d.r.c.RepositoryConfigurationDelegate : Bootstrapping Spring Data JPA repositories in DEFAULT mode.
2026-05-10T14:53:39.883+05:30  INFO 27749 --- [cart-service] [  restartedMain] .s.d.r.c.RepositoryConfigurationDelegate : Finished Spring Data repository scanning in 19 ms. Found 2 JPA repository interfaces.
2026-05-10T14:53:40.184+05:30  INFO 27749 --- [cart-service] [  restartedMain] o.s.b.w.embedded.tomcat.TomcatWebServer  : Tomcat initialized with port 8083 (http)
2026-05-10T14:53:40.191+05:30  INFO 27749 --- [cart-service] [  restartedMain] o.apache.catalina.core.StandardService   : Starting service [Tomcat]
2026-05-10T14:53:40.192+05:30  INFO 27749 --- [cart-service] [  restartedMain] o.apache.catalina.core.StandardEngine    : Starting Servlet engine: [Apache Tomcat/10.1.54]
2026-05-10T14:53:40.210+05:30  INFO 27749 --- [cart-service] [  restartedMain] o.a.c.c.C.[Tomcat].[localhost].[/]       : Initializing Spring embedded WebApplicationContext
2026-05-10T14:53:40.211+05:30  INFO 27749 --- [cart-service] [  restartedMain] w.s.c.ServletWebServerApplicationContext : Root WebApplicationContext: initialization completed in 776 ms
2026-05-10T14:53:40.336+05:30  INFO 27749 --- [cart-service] [  restartedMain] com.zaxxer.hikari.HikariDataSource       : HikariPool-1 - Starting...
2026-05-10T14:53:40.446+05:30  INFO 27749 --- [cart-service] [  restartedMain] com.zaxxer.hikari.pool.HikariPool        : HikariPool-1 - Added connection org.postgresql.jdbc.PgConnection@19a750df
2026-05-10T14:53:40.447+05:30  INFO 27749 --- [cart-service] [  restartedMain] com.zaxxer.hikari.HikariDataSource       : HikariPool-1 - Start completed.
2026-05-10T14:53:40.462+05:30  INFO 27749 --- [cart-service] [  restartedMain] org.flywaydb.core.FlywayExecutor         : Database: jdbc:postgresql://localhost:5432/liftkart_cart_db (PostgreSQL 16.13)
2026-05-10T14:53:40.490+05:30  INFO 27749 --- [cart-service] [  restartedMain] o.f.core.internal.command.DbValidate     : Successfully validated 1 migration (execution time 00:00.012s)
2026-05-10T14:53:40.520+05:30  INFO 27749 --- [cart-service] [  restartedMain] o.f.core.internal.command.DbMigrate      : Current version of schema "public": 1
2026-05-10T14:53:40.522+05:30  INFO 27749 --- [cart-service] [  restartedMain] o.f.core.internal.command.DbMigrate      : Schema "public" is up to date. No migration necessary.
2026-05-10T14:53:40.563+05:30  INFO 27749 --- [cart-service] [  restartedMain] o.hibernate.jpa.internal.util.LogHelper  : HHH000204: Processing PersistenceUnitInfo [name: default]
2026-05-10T14:53:40.591+05:30  INFO 27749 --- [cart-service] [  restartedMain] org.hibernate.Version                    : HHH000412: Hibernate ORM core version 6.6.49.Final
2026-05-10T14:53:40.605+05:30  INFO 27749 --- [cart-service] [  restartedMain] o.h.c.internal.RegionFactoryInitiator    : HHH000026: Second-level cache disabled
2026-05-10T14:53:40.729+05:30  INFO 27749 --- [cart-service] [  restartedMain] o.s.o.j.p.SpringPersistenceUnitInfo      : No LoadTimeWeaver setup: ignoring JPA class transformer
2026-05-10T14:53:40.756+05:30  WARN 27749 --- [cart-service] [  restartedMain] org.hibernate.orm.deprecation            : HHH90000025: PostgreSQLDialect does not need to be specified explicitly using 'hibernate.dialect' (remove the property setting and it will be selected by default)
2026-05-10T14:53:40.764+05:30  INFO 27749 --- [cart-service] [  restartedMain] org.hibernate.orm.connections.pooling    : HHH10001005: Database info:
	Database JDBC URL [Connecting through datasource 'HikariDataSource (HikariPool-1)']
	Database driver: undefined/unknown
	Database version: 16.13
	Autocommit mode: undefined/unknown
	Isolation level: undefined/unknown
	Minimum pool size: undefined/unknown
	Maximum pool size: undefined/unknown
2026-05-10T14:53:41.172+05:30  INFO 27749 --- [cart-service] [  restartedMain] o.h.e.t.j.p.i.JtaPlatformInitiator       : HHH000489: No JTA platform available (set 'hibernate.transaction.jta.platform' to enable JTA platform integration)
2026-05-10T14:53:41.202+05:30  INFO 27749 --- [cart-service] [  restartedMain] j.LocalContainerEntityManagerFactoryBean : Initialized JPA EntityManagerFactory for persistence unit 'default'
2026-05-10T14:53:41.504+05:30  WARN 27749 --- [cart-service] [  restartedMain] JpaBaseConfiguration$JpaWebConfiguration : spring.jpa.open-in-view is enabled by default. Therefore, database queries may be performed during view rendering. Explicitly configure spring.jpa.open-in-view to disable this warning
2026-05-10T14:53:41.592+05:30  WARN 27749 --- [cart-service] [  restartedMain] .s.s.UserDetailsServiceAutoConfiguration : 

Using generated security password: b1bfc6d7-8cc5-47c7-a47b-c6b1938ab5c9

This generated password is for development use only. Your security configuration must be updated before running your application in production.

2026-05-10T14:53:41.595+05:30  INFO 27749 --- [cart-service] [  restartedMain] r$InitializeUserDetailsManagerConfigurer : Global AuthenticationManager configured with UserDetailsService bean with name inMemoryUserDetailsManager
2026-05-10T14:53:41.776+05:30  WARN 27749 --- [cart-service] [  restartedMain] o.s.b.d.a.OptionalLiveReloadServer       : Unable to start LiveReload server
2026-05-10T14:53:41.793+05:30  INFO 27749 --- [cart-service] [  restartedMain] o.s.b.w.embedded.tomcat.TomcatWebServer  : Tomcat started on port 8083 (http) with context path '/'
2026-05-10T14:53:41.799+05:30  INFO 27749 --- [cart-service] [  restartedMain] c.liftkart.cart.CartServiceApplication   : Started CartServiceApplication in 2.611 seconds (process running for 2.797)
[INFO] ------------------------------------------------------------------------
[INFO] BUILD FAILURE
[INFO] ------------------------------------------------------------------------
[INFO] Total time:  04:53 min
[INFO] Finished at: 2026-05-10T14:58:30+05:30
[INFO] ------------------------------------------------------------------------
[ERROR] Failed to execute goal org.springframework.boot:spring-boot-maven-plugin:3.5.14:run (default-cli) on project liftkart-cart: Process terminated with exit code: 137 -> [Help 1]
[ERROR] 
[ERROR] To see the full stack trace of the errors, re-run Maven with the -e switch.
[ERROR] Re-run Maven using the -X switch to enable full debug logging.
[ERROR] 
[ERROR] For more information about the errors and possible solutions, please read the following articles:
[ERROR] [Help 1] http://cwiki.apache.org/confluence/display/MAVEN/MojoExecutionException
[INFO] Scanning for projects...
[INFO] 
[INFO] ---------------------< com.liftkart:liftkart-cart >---------------------
[INFO] Building LiftKart Cart Service 1.0.0
[INFO]   from pom.xml
[INFO] --------------------------------[ jar ]---------------------------------
[INFO] 
[INFO] --- clean:3.4.1:clean (default-clean) @ liftkart-cart ---
[INFO] Deleting /Users/saifahamed/Documents/M.Tech SE/Source-Code/liftkart/services/cart-service/target
[INFO] 
[INFO] >>> spring-boot:3.5.14:run (default-cli) > test-compile @ liftkart-cart >>>
[INFO] 
[INFO] --- resources:3.3.1:resources (default-resources) @ liftkart-cart ---
[INFO] Copying 1 resource from src/main/resources to target/classes
[INFO] Copying 1 resource from src/main/resources to target/classes
[INFO] 
[INFO] --- compiler:3.14.1:compile (default-compile) @ liftkart-cart ---
[INFO] Recompiling the module because of changed source code.
[INFO] Compiling 18 source files with javac [debug parameters release 22] to target/classes
[WARNING] /Users/saifahamed/Documents/M.Tech SE/Source-Code/liftkart/services/cart-service/src/main/java/com/liftkart/cart/entity/Cart.java:[28,27] @Builder will ignore the initializing expression entirely. If you want the initializing expression to serve as default, add @Builder.Default. If it is not supposed to be settable during building, make the field final.
[INFO] 
[INFO] --- resources:3.3.1:testResources (default-testResources) @ liftkart-cart ---
[INFO] skip non existing resourceDirectory /Users/saifahamed/Documents/M.Tech SE/Source-Code/liftkart/services/cart-service/src/test/resources
[INFO] 
[INFO] --- compiler:3.14.1:testCompile (default-testCompile) @ liftkart-cart ---
[INFO] Recompiling the module because of changed dependency.
[INFO] Compiling 1 source file with javac [debug parameters release 22] to target/test-classes
[INFO] 
[INFO] <<< spring-boot:3.5.14:run (default-cli) < test-compile @ liftkart-cart <<<
[INFO] 
[INFO] 
[INFO] --- spring-boot:3.5.14:run (default-cli) @ liftkart-cart ---
[INFO] Attaching agents: []

  .   ____          _            __ _ _
 /\\ / ___'_ __ _ _(_)_ __  __ _ \ \ \ \
( ( )\___ | '_ | '_| | '_ \/ _` | \ \ \ \
 \\/  ___)| |_)| | | | | || (_| |  ) ) ) )
  '  |____| .__|_| |_|_| |_\__, | / / / /
 =========|_|==============|___/=/_/_/_/

 :: Spring Boot ::               (v3.5.14)

2026-05-10T14:58:42.573+05:30  INFO 30084 --- [cart-service] [  restartedMain] c.liftkart.cart.CartServiceApplication   : Starting CartServiceApplication using Java 22.0.1 with PID 30084 (/Users/saifahamed/Documents/M.Tech SE/Source-Code/liftkart/services/cart-service/target/classes started by saifahamed in /Users/saifahamed/Documents/M.Tech SE/Source-Code/liftkart/services/cart-service)
2026-05-10T14:58:42.574+05:30 DEBUG 30084 --- [cart-service] [  restartedMain] c.liftkart.cart.CartServiceApplication   : Running with Spring Boot v3.5.14, Spring v6.2.18
2026-05-10T14:58:42.575+05:30  INFO 30084 --- [cart-service] [  restartedMain] c.liftkart.cart.CartServiceApplication   : No active profile set, falling back to 1 default profile: "default"
2026-05-10T14:58:42.595+05:30  INFO 30084 --- [cart-service] [  restartedMain] .e.DevToolsPropertyDefaultsPostProcessor : Devtools property defaults active! Set 'spring.devtools.add-properties' to 'false' to disable
2026-05-10T14:58:42.595+05:30  INFO 30084 --- [cart-service] [  restartedMain] .e.DevToolsPropertyDefaultsPostProcessor : For additional web related logging consider setting the 'logging.level.web' property to 'DEBUG'
2026-05-10T14:58:43.011+05:30  INFO 30084 --- [cart-service] [  restartedMain] .s.d.r.c.RepositoryConfigurationDelegate : Bootstrapping Spring Data JPA repositories in DEFAULT mode.
2026-05-10T14:58:43.033+05:30  INFO 30084 --- [cart-service] [  restartedMain] .s.d.r.c.RepositoryConfigurationDelegate : Finished Spring Data repository scanning in 18 ms. Found 2 JPA repository interfaces.
2026-05-10T14:58:43.329+05:30  INFO 30084 --- [cart-service] [  restartedMain] o.s.b.w.embedded.tomcat.TomcatWebServer  : Tomcat initialized with port 8083 (http)
2026-05-10T14:58:43.336+05:30  INFO 30084 --- [cart-service] [  restartedMain] o.apache.catalina.core.StandardService   : Starting service [Tomcat]
2026-05-10T14:58:43.337+05:30  INFO 30084 --- [cart-service] [  restartedMain] o.apache.catalina.core.StandardEngine    : Starting Servlet engine: [Apache Tomcat/10.1.54]
2026-05-10T14:58:43.360+05:30  INFO 30084 --- [cart-service] [  restartedMain] o.a.c.c.C.[Tomcat].[localhost].[/]       : Initializing Spring embedded WebApplicationContext
2026-05-10T14:58:43.360+05:30  INFO 30084 --- [cart-service] [  restartedMain] w.s.c.ServletWebServerApplicationContext : Root WebApplicationContext: initialization completed in 765 ms
2026-05-10T14:58:43.487+05:30  INFO 30084 --- [cart-service] [  restartedMain] com.zaxxer.hikari.HikariDataSource       : HikariPool-1 - Starting...
2026-05-10T14:58:43.593+05:30  INFO 30084 --- [cart-service] [  restartedMain] com.zaxxer.hikari.pool.HikariPool        : HikariPool-1 - Added connection org.postgresql.jdbc.PgConnection@2557abc8
2026-05-10T14:58:43.594+05:30  INFO 30084 --- [cart-service] [  restartedMain] com.zaxxer.hikari.HikariDataSource       : HikariPool-1 - Start completed.
2026-05-10T14:58:43.610+05:30  INFO 30084 --- [cart-service] [  restartedMain] org.flywaydb.core.FlywayExecutor         : Database: jdbc:postgresql://localhost:5432/liftkart_cart_db (PostgreSQL 16.13)
2026-05-10T14:58:43.649+05:30  INFO 30084 --- [cart-service] [  restartedMain] o.f.core.internal.command.DbValidate     : Successfully validated 1 migration (execution time 00:00.015s)
2026-05-10T14:58:43.678+05:30  INFO 30084 --- [cart-service] [  restartedMain] o.f.core.internal.command.DbMigrate      : Current version of schema "public": 1
2026-05-10T14:58:43.681+05:30  INFO 30084 --- [cart-service] [  restartedMain] o.f.core.internal.command.DbMigrate      : Schema "public" is up to date. No migration necessary.
2026-05-10T14:58:43.722+05:30  INFO 30084 --- [cart-service] [  restartedMain] o.hibernate.jpa.internal.util.LogHelper  : HHH000204: Processing PersistenceUnitInfo [name: default]
2026-05-10T14:58:43.753+05:30  INFO 30084 --- [cart-service] [  restartedMain] org.hibernate.Version                    : HHH000412: Hibernate ORM core version 6.6.49.Final
2026-05-10T14:58:43.768+05:30  INFO 30084 --- [cart-service] [  restartedMain] o.h.c.internal.RegionFactoryInitiator    : HHH000026: Second-level cache disabled
2026-05-10T14:58:43.888+05:30  INFO 30084 --- [cart-service] [  restartedMain] o.s.o.j.p.SpringPersistenceUnitInfo      : No LoadTimeWeaver setup: ignoring JPA class transformer
2026-05-10T14:58:43.916+05:30  WARN 30084 --- [cart-service] [  restartedMain] org.hibernate.orm.deprecation            : HHH90000025: PostgreSQLDialect does not need to be specified explicitly using 'hibernate.dialect' (remove the property setting and it will be selected by default)
2026-05-10T14:58:43.924+05:30  INFO 30084 --- [cart-service] [  restartedMain] org.hibernate.orm.connections.pooling    : HHH10001005: Database info:
	Database JDBC URL [Connecting through datasource 'HikariDataSource (HikariPool-1)']
	Database driver: undefined/unknown
	Database version: 16.13
	Autocommit mode: undefined/unknown
	Isolation level: undefined/unknown
	Minimum pool size: undefined/unknown
	Maximum pool size: undefined/unknown
2026-05-10T14:58:44.410+05:30  INFO 30084 --- [cart-service] [  restartedMain] o.h.e.t.j.p.i.JtaPlatformInitiator       : HHH000489: No JTA platform available (set 'hibernate.transaction.jta.platform' to enable JTA platform integration)
2026-05-10T14:58:44.448+05:30  INFO 30084 --- [cart-service] [  restartedMain] j.LocalContainerEntityManagerFactoryBean : Initialized JPA EntityManagerFactory for persistence unit 'default'
2026-05-10T14:58:44.757+05:30  WARN 30084 --- [cart-service] [  restartedMain] JpaBaseConfiguration$JpaWebConfiguration : spring.jpa.open-in-view is enabled by default. Therefore, database queries may be performed during view rendering. Explicitly configure spring.jpa.open-in-view to disable this warning
2026-05-10T14:58:44.845+05:30  WARN 30084 --- [cart-service] [  restartedMain] .s.s.UserDetailsServiceAutoConfiguration : 

Using generated security password: 41279455-e716-4f3d-9591-893115ae69ef

This generated password is for development use only. Your security configuration must be updated before running your application in production.

2026-05-10T14:58:44.848+05:30  INFO 30084 --- [cart-service] [  restartedMain] r$InitializeUserDetailsManagerConfigurer : Global AuthenticationManager configured with UserDetailsService bean with name inMemoryUserDetailsManager
2026-05-10T14:58:45.058+05:30  WARN 30084 --- [cart-service] [  restartedMain] o.s.b.d.a.OptionalLiveReloadServer       : Unable to start LiveReload server
2026-05-10T14:58:45.080+05:30  INFO 30084 --- [cart-service] [  restartedMain] o.s.b.w.embedded.tomcat.TomcatWebServer  : Tomcat started on port 8083 (http) with context path '/'
2026-05-10T14:58:45.087+05:30  INFO 30084 --- [cart-service] [  restartedMain] c.liftkart.cart.CartServiceApplication   : Started CartServiceApplication in 2.738 seconds (process running for 2.922)
2026-05-10T14:59:48.975+05:30  INFO 30084 --- [cart-service] [ionShutdownHook] o.s.b.w.e.tomcat.GracefulShutdown        : Commencing graceful shutdown. Waiting for active requests to complete
2026-05-10T14:59:48.985+05:30  INFO 30084 --- [cart-service] [tomcat-shutdown] o.s.b.w.e.tomcat.GracefulShutdown        : Graceful shutdown complete
2026-05-10T14:59:49.002+05:30  INFO 30084 --- [cart-service] [ionShutdownHook] j.LocalContainerEntityManagerFactoryBean : Closing JPA EntityManagerFactory for persistence unit 'default'
2026-05-10T14:59:49.013+05:30  INFO 30084 --- [cart-service] [ionShutdownHook] com.zaxxer.hikari.HikariDataSource       : HikariPool-1 - Shutdown initiated...
2026-05-10T14:59:49.017+05:30  INFO 30084 --- [cart-service] [ionShutdownHook] com.zaxxer.hikari.HikariDataSource       : HikariPool-1 - Shutdown completed.
[INFO] ------------------------------------------------------------------------
[INFO] BUILD FAILURE
[INFO] ------------------------------------------------------------------------
[INFO] Total time:  01:08 min
[INFO] Finished at: 2026-05-10T14:59:49+05:30
[INFO] ------------------------------------------------------------------------
[ERROR] Failed to execute goal org.springframework.boot:spring-boot-maven-plugin:3.5.14:run (default-cli) on project liftkart-cart: Process terminated with exit code: 143 -> [Help 1]
[ERROR] 
[ERROR] To see the full stack trace of the errors, re-run Maven with the -e switch.
[ERROR] Re-run Maven using the -X switch to enable full debug logging.
[ERROR] 
[ERROR] For more information about the errors and possible solutions, please read the following articles:
[ERROR] [Help 1] http://cwiki.apache.org/confluence/display/MAVEN/MojoExecutionException
[INFO] Scanning for projects...
[INFO] 
[INFO] ---------------------< com.liftkart:liftkart-cart >---------------------
[INFO] Building LiftKart Cart Service 1.0.0
[INFO]   from pom.xml
[INFO] --------------------------------[ jar ]---------------------------------
[INFO] 
[INFO] --- clean:3.4.1:clean (default-clean) @ liftkart-cart ---
[INFO] Deleting /Users/saifahamed/Documents/M.Tech SE/Source-Code/liftkart/services/cart-service/target
[INFO] 
[INFO] >>> spring-boot:3.5.14:run (default-cli) > test-compile @ liftkart-cart >>>
[INFO] 
[INFO] --- resources:3.3.1:resources (default-resources) @ liftkart-cart ---
[INFO] Copying 1 resource from src/main/resources to target/classes
[INFO] Copying 1 resource from src/main/resources to target/classes
[INFO] 
[INFO] --- compiler:3.14.1:compile (default-compile) @ liftkart-cart ---
[INFO] Recompiling the module because of changed source code.
[INFO] Compiling 18 source files with javac [debug parameters release 22] to target/classes
[WARNING] /Users/saifahamed/Documents/M.Tech SE/Source-Code/liftkart/services/cart-service/src/main/java/com/liftkart/cart/entity/Cart.java:[28,27] @Builder will ignore the initializing expression entirely. If you want the initializing expression to serve as default, add @Builder.Default. If it is not supposed to be settable during building, make the field final.
[INFO] 
[INFO] --- resources:3.3.1:testResources (default-testResources) @ liftkart-cart ---
[INFO] skip non existing resourceDirectory /Users/saifahamed/Documents/M.Tech SE/Source-Code/liftkart/services/cart-service/src/test/resources
[INFO] 
[INFO] --- compiler:3.14.1:testCompile (default-testCompile) @ liftkart-cart ---
[INFO] Recompiling the module because of changed dependency.
[INFO] Compiling 1 source file with javac [debug parameters release 22] to target/test-classes
[INFO] 
[INFO] <<< spring-boot:3.5.14:run (default-cli) < test-compile @ liftkart-cart <<<
[INFO] 
[INFO] 
[INFO] --- spring-boot:3.5.14:run (default-cli) @ liftkart-cart ---
[INFO] Attaching agents: []

  .   ____          _            __ _ _
 /\\ / ___'_ __ _ _(_)_ __  __ _ \ \ \ \
( ( )\___ | '_ | '_| | '_ \/ _` | \ \ \ \
 \\/  ___)| |_)| | | | | || (_| |  ) ) ) )
  '  |____| .__|_| |_|_| |_\__, | / / / /
 =========|_|==============|___/=/_/_/_/

 :: Spring Boot ::               (v3.5.14)

2026-05-10T15:05:32.025+05:30  INFO 33434 --- [cart-service] [  restartedMain] c.liftkart.cart.CartServiceApplication   : Starting CartServiceApplication using Java 22.0.1 with PID 33434 (/Users/saifahamed/Documents/M.Tech SE/Source-Code/liftkart/services/cart-service/target/classes started by saifahamed in /Users/saifahamed/Documents/M.Tech SE/Source-Code/liftkart/services/cart-service)
2026-05-10T15:05:32.027+05:30 DEBUG 33434 --- [cart-service] [  restartedMain] c.liftkart.cart.CartServiceApplication   : Running with Spring Boot v3.5.14, Spring v6.2.18
2026-05-10T15:05:32.027+05:30  INFO 33434 --- [cart-service] [  restartedMain] c.liftkart.cart.CartServiceApplication   : No active profile set, falling back to 1 default profile: "default"
2026-05-10T15:05:32.047+05:30  INFO 33434 --- [cart-service] [  restartedMain] .e.DevToolsPropertyDefaultsPostProcessor : Devtools property defaults active! Set 'spring.devtools.add-properties' to 'false' to disable
2026-05-10T15:05:32.048+05:30  INFO 33434 --- [cart-service] [  restartedMain] .e.DevToolsPropertyDefaultsPostProcessor : For additional web related logging consider setting the 'logging.level.web' property to 'DEBUG'
2026-05-10T15:05:32.476+05:30  INFO 33434 --- [cart-service] [  restartedMain] .s.d.r.c.RepositoryConfigurationDelegate : Bootstrapping Spring Data JPA repositories in DEFAULT mode.
2026-05-10T15:05:32.500+05:30  INFO 33434 --- [cart-service] [  restartedMain] .s.d.r.c.RepositoryConfigurationDelegate : Finished Spring Data repository scanning in 19 ms. Found 2 JPA repository interfaces.
2026-05-10T15:05:32.809+05:30  INFO 33434 --- [cart-service] [  restartedMain] o.s.b.w.embedded.tomcat.TomcatWebServer  : Tomcat initialized with port 8083 (http)
2026-05-10T15:05:32.817+05:30  INFO 33434 --- [cart-service] [  restartedMain] o.apache.catalina.core.StandardService   : Starting service [Tomcat]
2026-05-10T15:05:32.817+05:30  INFO 33434 --- [cart-service] [  restartedMain] o.apache.catalina.core.StandardEngine    : Starting Servlet engine: [Apache Tomcat/10.1.54]
2026-05-10T15:05:32.834+05:30  INFO 33434 --- [cart-service] [  restartedMain] o.a.c.c.C.[Tomcat].[localhost].[/]       : Initializing Spring embedded WebApplicationContext
2026-05-10T15:05:32.834+05:30  INFO 33434 --- [cart-service] [  restartedMain] w.s.c.ServletWebServerApplicationContext : Root WebApplicationContext: initialization completed in 786 ms
2026-05-10T15:05:32.957+05:30  INFO 33434 --- [cart-service] [  restartedMain] com.zaxxer.hikari.HikariDataSource       : HikariPool-1 - Starting...
2026-05-10T15:05:33.095+05:30  INFO 33434 --- [cart-service] [  restartedMain] com.zaxxer.hikari.pool.HikariPool        : HikariPool-1 - Added connection org.postgresql.jdbc.PgConnection@5c4e84d9
2026-05-10T15:05:33.096+05:30  INFO 33434 --- [cart-service] [  restartedMain] com.zaxxer.hikari.HikariDataSource       : HikariPool-1 - Start completed.
2026-05-10T15:05:33.112+05:30  INFO 33434 --- [cart-service] [  restartedMain] org.flywaydb.core.FlywayExecutor         : Database: jdbc:postgresql://localhost:5432/liftkart_cart_db (PostgreSQL 16.13)
2026-05-10T15:05:33.146+05:30  INFO 33434 --- [cart-service] [  restartedMain] o.f.core.internal.command.DbValidate     : Successfully validated 1 migration (execution time 00:00.015s)
2026-05-10T15:05:33.176+05:30  INFO 33434 --- [cart-service] [  restartedMain] o.f.core.internal.command.DbMigrate      : Current version of schema "public": 1
2026-05-10T15:05:33.178+05:30  INFO 33434 --- [cart-service] [  restartedMain] o.f.core.internal.command.DbMigrate      : Schema "public" is up to date. No migration necessary.
2026-05-10T15:05:33.232+05:30  INFO 33434 --- [cart-service] [  restartedMain] o.hibernate.jpa.internal.util.LogHelper  : HHH000204: Processing PersistenceUnitInfo [name: default]
2026-05-10T15:05:33.262+05:30  INFO 33434 --- [cart-service] [  restartedMain] org.hibernate.Version                    : HHH000412: Hibernate ORM core version 6.6.49.Final
2026-05-10T15:05:33.279+05:30  INFO 33434 --- [cart-service] [  restartedMain] o.h.c.internal.RegionFactoryInitiator    : HHH000026: Second-level cache disabled
2026-05-10T15:05:33.425+05:30  INFO 33434 --- [cart-service] [  restartedMain] o.s.o.j.p.SpringPersistenceUnitInfo      : No LoadTimeWeaver setup: ignoring JPA class transformer
2026-05-10T15:05:33.456+05:30  WARN 33434 --- [cart-service] [  restartedMain] org.hibernate.orm.deprecation            : HHH90000025: PostgreSQLDialect does not need to be specified explicitly using 'hibernate.dialect' (remove the property setting and it will be selected by default)
2026-05-10T15:05:33.464+05:30  INFO 33434 --- [cart-service] [  restartedMain] org.hibernate.orm.connections.pooling    : HHH10001005: Database info:
	Database JDBC URL [Connecting through datasource 'HikariDataSource (HikariPool-1)']
	Database driver: undefined/unknown
	Database version: 16.13
	Autocommit mode: undefined/unknown
	Isolation level: undefined/unknown
	Minimum pool size: undefined/unknown
	Maximum pool size: undefined/unknown
2026-05-10T15:05:33.896+05:30  INFO 33434 --- [cart-service] [  restartedMain] o.h.e.t.j.p.i.JtaPlatformInitiator       : HHH000489: No JTA platform available (set 'hibernate.transaction.jta.platform' to enable JTA platform integration)
2026-05-10T15:05:33.916+05:30  INFO 33434 --- [cart-service] [  restartedMain] j.LocalContainerEntityManagerFactoryBean : Initialized JPA EntityManagerFactory for persistence unit 'default'
2026-05-10T15:05:34.251+05:30  WARN 33434 --- [cart-service] [  restartedMain] JpaBaseConfiguration$JpaWebConfiguration : spring.jpa.open-in-view is enabled by default. Therefore, database queries may be performed during view rendering. Explicitly configure spring.jpa.open-in-view to disable this warning
2026-05-10T15:05:34.344+05:30  WARN 33434 --- [cart-service] [  restartedMain] .s.s.UserDetailsServiceAutoConfiguration : 

Using generated security password: 23224ee8-0831-4a21-a779-52f05a307229

This generated password is for development use only. Your security configuration must be updated before running your application in production.

2026-05-10T15:05:34.348+05:30  INFO 33434 --- [cart-service] [  restartedMain] r$InitializeUserDetailsManagerConfigurer : Global AuthenticationManager configured with UserDetailsService bean with name inMemoryUserDetailsManager
2026-05-10T15:05:34.527+05:30  INFO 33434 --- [cart-service] [  restartedMain] o.s.b.d.a.OptionalLiveReloadServer       : LiveReload server is running on port 35729
2026-05-10T15:05:34.546+05:30  INFO 33434 --- [cart-service] [  restartedMain] o.s.b.w.embedded.tomcat.TomcatWebServer  : Tomcat started on port 8083 (http) with context path '/'
2026-05-10T15:05:34.553+05:30  INFO 33434 --- [cart-service] [  restartedMain] c.liftkart.cart.CartServiceApplication   : Started CartServiceApplication in 2.749 seconds (process running for 2.945)
2026-05-10T15:06:25.522+05:30  INFO 33434 --- [cart-service] [   File Watcher] rtingClassPathChangeChangedEventListener : Restarting due to 25 class path changes (0 additions, 23 deletions, 2 modifications)
2026-05-10T15:06:25.535+05:30  INFO 33434 --- [cart-service] [       Thread-5] o.s.b.w.e.tomcat.GracefulShutdown        : Commencing graceful shutdown. Waiting for active requests to complete
2026-05-10T15:06:25.539+05:30  INFO 33434 --- [cart-service] [tomcat-shutdown] o.s.b.w.e.tomcat.GracefulShutdown        : Graceful shutdown complete
2026-05-10T15:06:25.553+05:30  INFO 33434 --- [cart-service] [       Thread-5] j.LocalContainerEntityManagerFactoryBean : Closing JPA EntityManagerFactory for persistence unit 'default'
2026-05-10T15:06:25.564+05:30  INFO 33434 --- [cart-service] [       Thread-5] com.zaxxer.hikari.HikariDataSource       : HikariPool-1 - Shutdown initiated...
2026-05-10T15:06:25.569+05:30  INFO 33434 --- [cart-service] [       Thread-5] com.zaxxer.hikari.HikariDataSource       : HikariPool-1 - Shutdown completed.

  .   ____          _            __ _ _
 /\\ / ___'_ __ _ _(_)_ __  __ _ \ \ \ \
( ( )\___ | '_ | '_| | '_ \/ _` | \ \ \ \
 \\/  ___)| |_)| | | | | || (_| |  ) ) ) )
  '  |____| .__|_| |_|_| |_\__, | / / / /
 =========|_|==============|___/=/_/_/_/

 :: Spring Boot ::               (v3.5.14)

2026-05-10T15:06:25.679+05:30  INFO 33434 --- [cart-service] [  restartedMain] c.liftkart.cart.CartServiceApplication   : Starting CartServiceApplication using Java 22.0.1 with PID 33434 (/Users/saifahamed/Documents/M.Tech SE/Source-Code/liftkart/services/cart-service/target/classes started by saifahamed in /Users/saifahamed/Documents/M.Tech SE/Source-Code/liftkart/services/cart-service)
2026-05-10T15:06:25.680+05:30 DEBUG 33434 --- [cart-service] [  restartedMain] c.liftkart.cart.CartServiceApplication   : Running with Spring Boot v3.5.14, Spring v6.2.18
2026-05-10T15:06:25.680+05:30  INFO 33434 --- [cart-service] [  restartedMain] c.liftkart.cart.CartServiceApplication   : No active profile set, falling back to 1 default profile: "default"
2026-05-10T15:06:25.813+05:30  INFO 33434 --- [cart-service] [  restartedMain] .s.d.r.c.RepositoryConfigurationDelegate : Bootstrapping Spring Data JPA repositories in DEFAULT mode.
2026-05-10T15:06:25.819+05:30  INFO 33434 --- [cart-service] [  restartedMain] .s.d.r.c.RepositoryConfigurationDelegate : Finished Spring Data repository scanning in 4 ms. Found 2 JPA repository interfaces.
2026-05-10T15:06:25.900+05:30  INFO 33434 --- [cart-service] [  restartedMain] o.s.b.w.embedded.tomcat.TomcatWebServer  : Tomcat initialized with port 8083 (http)
2026-05-10T15:06:25.901+05:30  INFO 33434 --- [cart-service] [  restartedMain] o.apache.catalina.core.StandardService   : Starting service [Tomcat]
2026-05-10T15:06:25.901+05:30  INFO 33434 --- [cart-service] [  restartedMain] o.apache.catalina.core.StandardEngine    : Starting Servlet engine: [Apache Tomcat/10.1.54]
2026-05-10T15:06:25.907+05:30  INFO 33434 --- [cart-service] [  restartedMain] o.a.c.c.C.[Tomcat].[localhost].[/]       : Initializing Spring embedded WebApplicationContext
2026-05-10T15:06:25.907+05:30  INFO 33434 --- [cart-service] [  restartedMain] w.s.c.ServletWebServerApplicationContext : Root WebApplicationContext: initialization completed in 226 ms
2026-05-10T15:06:25.934+05:30  INFO 33434 --- [cart-service] [  restartedMain] com.zaxxer.hikari.HikariDataSource       : HikariPool-2 - Starting...
2026-05-10T15:06:25.963+05:30  INFO 33434 --- [cart-service] [  restartedMain] com.zaxxer.hikari.pool.HikariPool        : HikariPool-2 - Added connection org.postgresql.jdbc.PgConnection@20d60d60
2026-05-10T15:06:25.963+05:30  INFO 33434 --- [cart-service] [  restartedMain] com.zaxxer.hikari.HikariDataSource       : HikariPool-2 - Start completed.
2026-05-10T15:06:25.964+05:30  INFO 33434 --- [cart-service] [  restartedMain] org.flywaydb.core.FlywayExecutor         : Database: jdbc:postgresql://localhost:5432/liftkart_cart_db (PostgreSQL 16.13)
2026-05-10T15:06:25.983+05:30  INFO 33434 --- [cart-service] [  restartedMain] o.f.core.internal.command.DbValidate     : Successfully validated 1 migration (execution time 00:00.011s)
2026-05-10T15:06:26.008+05:30  INFO 33434 --- [cart-service] [  restartedMain] o.f.core.internal.command.DbMigrate      : Current version of schema "public": 1
2026-05-10T15:06:26.009+05:30  INFO 33434 --- [cart-service] [  restartedMain] o.f.core.internal.command.DbMigrate      : Schema "public" is up to date. No migration necessary.
2026-05-10T15:06:26.019+05:30  INFO 33434 --- [cart-service] [  restartedMain] o.hibernate.jpa.internal.util.LogHelper  : HHH000204: Processing PersistenceUnitInfo [name: default]
2026-05-10T15:06:26.021+05:30  INFO 33434 --- [cart-service] [  restartedMain] o.h.c.internal.RegionFactoryInitiator    : HHH000026: Second-level cache disabled
2026-05-10T15:06:26.025+05:30  INFO 33434 --- [cart-service] [  restartedMain] o.s.o.j.p.SpringPersistenceUnitInfo      : No LoadTimeWeaver setup: ignoring JPA class transformer
2026-05-10T15:06:26.028+05:30  WARN 33434 --- [cart-service] [  restartedMain] org.hibernate.orm.deprecation            : HHH90000025: PostgreSQLDialect does not need to be specified explicitly using 'hibernate.dialect' (remove the property setting and it will be selected by default)
2026-05-10T15:06:26.029+05:30  INFO 33434 --- [cart-service] [  restartedMain] org.hibernate.orm.connections.pooling    : HHH10001005: Database info:
	Database JDBC URL [Connecting through datasource 'HikariDataSource (HikariPool-2)']
	Database driver: undefined/unknown
	Database version: 16.13
	Autocommit mode: undefined/unknown
	Isolation level: undefined/unknown
	Minimum pool size: undefined/unknown
	Maximum pool size: undefined/unknown
2026-05-10T15:06:26.068+05:30  INFO 33434 --- [cart-service] [  restartedMain] o.h.e.t.j.p.i.JtaPlatformInitiator       : HHH000489: No JTA platform available (set 'hibernate.transaction.jta.platform' to enable JTA platform integration)
2026-05-10T15:06:26.087+05:30  INFO 33434 --- [cart-service] [  restartedMain] j.LocalContainerEntityManagerFactoryBean : Initialized JPA EntityManagerFactory for persistence unit 'default'
2026-05-10T15:06:26.157+05:30  WARN 33434 --- [cart-service] [  restartedMain] JpaBaseConfiguration$JpaWebConfiguration : spring.jpa.open-in-view is enabled by default. Therefore, database queries may be performed during view rendering. Explicitly configure spring.jpa.open-in-view to disable this warning
2026-05-10T15:06:26.200+05:30  WARN 33434 --- [cart-service] [  restartedMain] .s.s.UserDetailsServiceAutoConfiguration : 

Using generated security password: 0a977c1a-67e0-43ee-8b36-b985dcd12051

This generated password is for development use only. Your security configuration must be updated before running your application in production.

2026-05-10T15:06:26.200+05:30  INFO 33434 --- [cart-service] [  restartedMain] r$InitializeUserDetailsManagerConfigurer : Global AuthenticationManager configured with UserDetailsService bean with name inMemoryUserDetailsManager
2026-05-10T15:06:26.265+05:30  INFO 33434 --- [cart-service] [  restartedMain] o.s.b.d.a.OptionalLiveReloadServer       : LiveReload server is running on port 35729
2026-05-10T15:06:26.272+05:30  INFO 33434 --- [cart-service] [  restartedMain] o.s.b.w.embedded.tomcat.TomcatWebServer  : Tomcat started on port 8083 (http) with context path '/'
2026-05-10T15:06:26.277+05:30  INFO 33434 --- [cart-service] [  restartedMain] c.liftkart.cart.CartServiceApplication   : Started CartServiceApplication in 0.618 seconds (process running for 54.671)
2026-05-10T15:06:26.278+05:30  INFO 33434 --- [cart-service] [  restartedMain] .ConditionEvaluationDeltaLoggingListener : Condition evaluation unchanged
2026-05-10T15:06:27.681+05:30  INFO 33434 --- [cart-service] [   File Watcher] rtingClassPathChangeChangedEventListener : Restarting due to 23 class path changes (23 additions, 0 deletions, 0 modifications)
2026-05-10T15:06:27.683+05:30  INFO 33434 --- [cart-service] [       Thread-7] o.s.b.w.e.tomcat.GracefulShutdown        : Commencing graceful shutdown. Waiting for active requests to complete
2026-05-10T15:06:27.684+05:30  INFO 33434 --- [cart-service] [tomcat-shutdown] o.s.b.w.e.tomcat.GracefulShutdown        : Graceful shutdown complete
2026-05-10T15:06:27.687+05:30  INFO 33434 --- [cart-service] [       Thread-7] j.LocalContainerEntityManagerFactoryBean : Closing JPA EntityManagerFactory for persistence unit 'default'
2026-05-10T15:06:27.687+05:30  INFO 33434 --- [cart-service] [       Thread-7] com.zaxxer.hikari.HikariDataSource       : HikariPool-2 - Shutdown initiated...
2026-05-10T15:06:27.688+05:30  INFO 33434 --- [cart-service] [       Thread-7] com.zaxxer.hikari.HikariDataSource       : HikariPool-2 - Shutdown completed.

  .   ____          _            __ _ _
 /\\ / ___'_ __ _ _(_)_ __  __ _ \ \ \ \
( ( )\___ | '_ | '_| | '_ \/ _` | \ \ \ \
 \\/  ___)| |_)| | | | | || (_| |  ) ) ) )
  '  |____| .__|_| |_|_| |_\__, | / / / /
 =========|_|==============|___/=/_/_/_/

 :: Spring Boot ::               (v3.5.14)

2026-05-10T15:06:27.732+05:30  INFO 33434 --- [cart-service] [  restartedMain] c.liftkart.cart.CartServiceApplication   : Starting CartServiceApplication using Java 22.0.1 with PID 33434 (/Users/saifahamed/Documents/M.Tech SE/Source-Code/liftkart/services/cart-service/target/classes started by saifahamed in /Users/saifahamed/Documents/M.Tech SE/Source-Code/liftkart/services/cart-service)
2026-05-10T15:06:27.732+05:30 DEBUG 33434 --- [cart-service] [  restartedMain] c.liftkart.cart.CartServiceApplication   : Running with Spring Boot v3.5.14, Spring v6.2.18
2026-05-10T15:06:27.732+05:30  INFO 33434 --- [cart-service] [  restartedMain] c.liftkart.cart.CartServiceApplication   : No active profile set, falling back to 1 default profile: "default"
2026-05-10T15:06:27.824+05:30  INFO 33434 --- [cart-service] [  restartedMain] .s.d.r.c.RepositoryConfigurationDelegate : Bootstrapping Spring Data JPA repositories in DEFAULT mode.
2026-05-10T15:06:27.828+05:30  INFO 33434 --- [cart-service] [  restartedMain] .s.d.r.c.RepositoryConfigurationDelegate : Finished Spring Data repository scanning in 3 ms. Found 2 JPA repository interfaces.
2026-05-10T15:06:27.889+05:30  INFO 33434 --- [cart-service] [  restartedMain] o.s.b.w.embedded.tomcat.TomcatWebServer  : Tomcat initialized with port 8083 (http)
2026-05-10T15:06:27.890+05:30  INFO 33434 --- [cart-service] [  restartedMain] o.apache.catalina.core.StandardService   : Starting service [Tomcat]
2026-05-10T15:06:27.890+05:30  INFO 33434 --- [cart-service] [  restartedMain] o.apache.catalina.core.StandardEngine    : Starting Servlet engine: [Apache Tomcat/10.1.54]
2026-05-10T15:06:27.895+05:30  INFO 33434 --- [cart-service] [  restartedMain] o.a.c.c.C.[Tomcat].[localhost].[/]       : Initializing Spring embedded WebApplicationContext
2026-05-10T15:06:27.895+05:30  INFO 33434 --- [cart-service] [  restartedMain] w.s.c.ServletWebServerApplicationContext : Root WebApplicationContext: initialization completed in 162 ms
2026-05-10T15:06:27.917+05:30  INFO 33434 --- [cart-service] [  restartedMain] com.zaxxer.hikari.HikariDataSource       : HikariPool-3 - Starting...
2026-05-10T15:06:27.937+05:30  INFO 33434 --- [cart-service] [  restartedMain] com.zaxxer.hikari.pool.HikariPool        : HikariPool-3 - Added connection org.postgresql.jdbc.PgConnection@2ba74404
2026-05-10T15:06:27.937+05:30  INFO 33434 --- [cart-service] [  restartedMain] com.zaxxer.hikari.HikariDataSource       : HikariPool-3 - Start completed.
2026-05-10T15:06:27.938+05:30  INFO 33434 --- [cart-service] [  restartedMain] org.flywaydb.core.FlywayExecutor         : Database: jdbc:postgresql://localhost:5432/liftkart_cart_db (PostgreSQL 16.13)
2026-05-10T15:06:27.949+05:30  INFO 33434 --- [cart-service] [  restartedMain] o.f.core.internal.command.DbValidate     : Successfully validated 1 migration (execution time 00:00.003s)
2026-05-10T15:06:27.969+05:30  INFO 33434 --- [cart-service] [  restartedMain] o.f.core.internal.command.DbMigrate      : Current version of schema "public": 1
2026-05-10T15:06:27.969+05:30  INFO 33434 --- [cart-service] [  restartedMain] o.f.core.internal.command.DbMigrate      : Schema "public" is up to date. No migration necessary.
2026-05-10T15:06:27.978+05:30  INFO 33434 --- [cart-service] [  restartedMain] o.hibernate.jpa.internal.util.LogHelper  : HHH000204: Processing PersistenceUnitInfo [name: default]
2026-05-10T15:06:27.980+05:30  INFO 33434 --- [cart-service] [  restartedMain] o.h.c.internal.RegionFactoryInitiator    : HHH000026: Second-level cache disabled
2026-05-10T15:06:27.983+05:30  INFO 33434 --- [cart-service] [  restartedMain] o.s.o.j.p.SpringPersistenceUnitInfo      : No LoadTimeWeaver setup: ignoring JPA class transformer
2026-05-10T15:06:27.986+05:30  WARN 33434 --- [cart-service] [  restartedMain] org.hibernate.orm.deprecation            : HHH90000025: PostgreSQLDialect does not need to be specified explicitly using 'hibernate.dialect' (remove the property setting and it will be selected by default)
2026-05-10T15:06:27.987+05:30  INFO 33434 --- [cart-service] [  restartedMain] org.hibernate.orm.connections.pooling    : HHH10001005: Database info:
	Database JDBC URL [Connecting through datasource 'HikariDataSource (HikariPool-3)']
	Database driver: undefined/unknown
	Database version: 16.13
	Autocommit mode: undefined/unknown
	Isolation level: undefined/unknown
	Minimum pool size: undefined/unknown
	Maximum pool size: undefined/unknown
2026-05-10T15:06:28.019+05:30  INFO 33434 --- [cart-service] [  restartedMain] o.h.e.t.j.p.i.JtaPlatformInitiator       : HHH000489: No JTA platform available (set 'hibernate.transaction.jta.platform' to enable JTA platform integration)
2026-05-10T15:06:28.037+05:30  INFO 33434 --- [cart-service] [  restartedMain] j.LocalContainerEntityManagerFactoryBean : Initialized JPA EntityManagerFactory for persistence unit 'default'
2026-05-10T15:06:28.110+05:30  WARN 33434 --- [cart-service] [  restartedMain] JpaBaseConfiguration$JpaWebConfiguration : spring.jpa.open-in-view is enabled by default. Therefore, database queries may be performed during view rendering. Explicitly configure spring.jpa.open-in-view to disable this warning
2026-05-10T15:06:28.153+05:30  WARN 33434 --- [cart-service] [  restartedMain] .s.s.UserDetailsServiceAutoConfiguration : 

Using generated security password: f075f431-e69d-4ffc-859e-9ab2dc7fdb63

This generated password is for development use only. Your security configuration must be updated before running your application in production.

2026-05-10T15:06:28.154+05:30  INFO 33434 --- [cart-service] [  restartedMain] r$InitializeUserDetailsManagerConfigurer : Global AuthenticationManager configured with UserDetailsService bean with name inMemoryUserDetailsManager
2026-05-10T15:06:28.207+05:30  INFO 33434 --- [cart-service] [  restartedMain] o.s.b.d.a.OptionalLiveReloadServer       : LiveReload server is running on port 35729
2026-05-10T15:06:28.213+05:30  INFO 33434 --- [cart-service] [  restartedMain] o.s.b.w.embedded.tomcat.TomcatWebServer  : Tomcat started on port 8083 (http) with context path '/'
2026-05-10T15:06:28.215+05:30  INFO 33434 --- [cart-service] [  restartedMain] c.liftkart.cart.CartServiceApplication   : Started CartServiceApplication in 0.494 seconds (process running for 56.609)
2026-05-10T15:06:28.216+05:30  INFO 33434 --- [cart-service] [  restartedMain] .ConditionEvaluationDeltaLoggingListener : Condition evaluation unchanged
2026-05-10T15:07:13.959+05:30  INFO 33434 --- [cart-service] [ionShutdownHook] o.s.b.w.e.tomcat.GracefulShutdown        : Commencing graceful shutdown. Waiting for active requests to complete
2026-05-10T15:07:13.963+05:30  INFO 33434 --- [cart-service] [tomcat-shutdown] o.s.b.w.e.tomcat.GracefulShutdown        : Graceful shutdown complete
2026-05-10T15:07:13.967+05:30  INFO 33434 --- [cart-service] [ionShutdownHook] j.LocalContainerEntityManagerFactoryBean : Closing JPA EntityManagerFactory for persistence unit 'default'
2026-05-10T15:07:13.970+05:30  INFO 33434 --- [cart-service] [ionShutdownHook] com.zaxxer.hikari.HikariDataSource       : HikariPool-3 - Shutdown initiated...
2026-05-10T15:07:13.971+05:30  INFO 33434 --- [cart-service] [ionShutdownHook] com.zaxxer.hikari.HikariDataSource       : HikariPool-3 - Shutdown completed.
